rsaxena3@circinus-36 19:30:30 ~/CS261P/Project1Hashing/code 
$ ./a.out
[0] => 2  4
[1] => 2  0
[2] => 2  0
[3] => 1  4
[4] => 0  2
[5] => 4  4
[6] => 1  1
[7] => 0  0
[8] => 1  1
[9] => 3  1
[10] => 4  3
[11] => 2  1
[12] => 1  3
[13] => 0  1
[14] => 4  4
[15] => 1  0
[16] => 4  0
[17] => 1  2
[18] => 4  0
[19] => 3  3
[20] => 2  0
[21] => 2  0
[22] => 1  2
[23] => 3  2
[24] => 2  0
[25] => 4  4
[26] => 1  4
[27] => 2  4
[28] => 4  4
[29] => 2  0
[30] => 1  0
[31] => 1  0
[32] => 2  1
[33] => 4  1
[34] => 0  0
[35] => 3  1
[36] => 2  2
[37] => 4  0
[38] => 4  4
[39] => 1  0
[40] => 4  4
[41] => 4  3
[42] => 3  4
[43] => 1  1
[44] => 1  4
[45] => 2  3
[46] => 2  0
[47] => 3  0
[48] => 1  4
[49] => 2  2
[50] => 1  3
[51] => 0  1
[52] => 4  2
[53] => 1  1
[54] => 2  1
[55] => 0  4
[56] => 2  1
[57] => 3  4
[58] => 4  3
[59] => 1  0
[60] => 4  4
[61] => 3  3
[62] => 1  3
[63] => 3  3
[64] => 0  0
[65] => 0  1
[66] => 0  0
[67] => 1  4
[68] => 1  2
[69] => 0  1
[70] => 1  2
[71] => 0  1
[72] => 2  4
[73] => 2  0
[74] => 1  1
[75] => 1  3
[76] => 0  1
[77] => 2  2
[78] => 0  2
[79] => 2  0
[80] => 4  3
[81] => 4  0
[82] => 0  0
[83] => 4  4
[84] => 2  1
[85] => 1  4
[86] => 1  0
[87] => 0  3
[88] => 1  2
[89] => 2  2
[90] => 0  3
[91] => 0  4
[92] => 1  2
[93] => 3  4
[94] => 2  3
[95] => 3  2
[96] => 1  1
[97] => 1  0
[98] => 2  1
[99] => 2  2

Insert 6
Idx ->   0   1   2   3   4 
[0] -> NaN   6 NaN NaN NaN 
[1] -> NaN NaN NaN NaN NaN 

Insert 7
Idx ->   0   1   2   3   4 
[0] ->   7   6 NaN NaN NaN 
[1] -> NaN NaN NaN NaN NaN 

Insert 13
Idx ->   0   1   2   3   4 
[0] ->  13   6 NaN NaN NaN 
[1] ->   7 NaN NaN NaN NaN 

Insert 15
Idx ->   0   1   2   3   4 
[0] ->  13  15 NaN NaN NaN 
[1] ->   7   6 NaN NaN NaN 

Insert 66
Insert Failed
Idx ->   0   1   2   3   4 
[0] ->  13  15 NaN NaN NaN 
[1] ->   7   6 NaN NaN NaN 
